
> frontend@0.0.0 build
> vite build

vite v8.0.3 building client environment for production...
[2Ktransforming...✓ 3747 modules transformed.
rendering chunks...
✗ Build failed in 1.49s
error during build:
Build failed with 1 error:

[31m[MISSING_EXPORT] Error:[0m "Github" is not exported by "node_modules/lucide-react/dist/esm/lucide-react.mjs".
   [38;5;246m╭[0m[38;5;246m─[0m[38;5;246m[[0m src/pages/LearnMore.jsx:4:171 [38;5;246m][0m
   [38;5;246m│[0m
 [38;5;246m4 │[0m [38;5;249mi[0m[38;5;249mm[0m[38;5;249mp[0m[38;5;249mo[0m[38;5;249mr[0m[38;5;249mt[0m[38;5;249m [0m[38;5;249m{[0m[38;5;249m [0m[38;5;249mS[0m[38;5;249mh[0m[38;5;249mi[0m[38;5;249me[0m[38;5;249ml[0m[38;5;249md[0m[38;5;249mC[0m[38;5;249mh[0m[38;5;249me[0m[38;5;249mc[0m[38;5;249mk[0m[38;5;249m,[0m[38;5;249m [0m[38;5;249mF[0m[38;5;249ml[0m[38;5;249ma[0m[38;5;249ms[0m[38;5;249mk[0m[38;5;249mC[0m[38;5;249mo[0m[38;5;249mn[0m[38;5;249mi[0m[38;5;249mc[0m[38;5;249ma[0m[38;5;249ml[0m[38;5;249m,[0m[38;5;249m [0m[38;5;249mP[0m[38;5;249ma[0m[38;5;249mc[0m[38;5;249mk[0m[38;5;249ma[0m[38;5;249mg[0m[38;5;249me[0m[38;5;249m,[0m[38;5;249m [0m[38;5;249mA[0m[38;5;249mc[0m[38;5;249mt[0m[38;5;249mi[0m[38;5;249mv[0m[38;5;249mi[0m[38;5;249mt[0m[38;5;249my[0m[38;5;249m,[0m[38;5;249m [0m[38;5;249mT[0m[38;5;249mr[0m[38;5;249ma[0m[38;5;249ms[0m[38;5;249mh[0m[38;5;249m2[0m[38;5;249m,[0m[38;5;249m [0m[38;5;249mC[0m[38;5;249ml[0m[38;5;249mi[0m[38;5;249mp[0m[38;5;249mb[0m[38;5;249mo[0m[38;5;249ma[0m[38;5;249mr[0m[38;5;249md[0m[38;5;249mL[0m[38;5;249mi[0m[38;5;249ms[0m[38;5;249mt[0m[38;5;249m,[0m[38;5;249m [0m[38;5;249mB[0m[38;5;249me[0m[38;5;249ml[0m[38;5;249ml[0m[38;5;249m,[0m[38;5;249m [0m[38;5;249mU[0m[38;5;249ms[0m[38;5;249me[0m[38;5;249mr[0m[38;5;249ms[0m[38;5;249m,[0m[38;5;249m [0m[38;5;249mD[0m[38;5;249ma[0m[38;5;249mt[0m[38;5;249ma[0m[38;5;249mb[0m[38;5;249ma[0m[38;5;249ms[0m[38;5;249me[0m[38;5;249m,[0m[38;5;249m [0m[38;5;249mC[0m[38;5;249mp[0m[38;5;249mu[0m[38;5;249m,[0m[38;5;249m [0m[38;5;249mR[0m[38;5;249mo[0m[38;5;249mc[0m[38;5;249mk[0m[38;5;249me[0m[38;5;249mt[0m[38;5;249m,[0m[38;5;249m [0m[38;5;249mC[0m[38;5;249mh[0m[38;5;249me[0m[38;5;249mc[0m[38;5;249mk[0m[38;5;249mC[0m[38;5;249mi[0m[38;5;249mr[0m[38;5;249mc[0m[38;5;249ml[0m[38;5;249me[0m[38;5;249m2[0m[38;5;249m,[0m[38;5;249m [0m[38;5;249mA[0m[38;5;249ml[0m[38;5;249me[0m[38;5;249mr[0m[38;5;249mt[0m[38;5;249mC[0m[38;5;249mi[0m[38;5;249mr[0m[38;5;249mc[0m[38;5;249ml[0m[38;5;249me[0m[38;5;249m,[0m[38;5;249m [0m[38;5;249mF[0m[38;5;249mi[0m[38;5;249ml[0m[38;5;249me[0m[38;5;249mT[0m[38;5;249me[0m[38;5;249mx[0m[38;5;249mt[0m[38;5;249m,[0m[38;5;249m [0m[38;5;249mB[0m[38;5;249mo[0m[38;5;249mx[0m[38;5;249me[0m[38;5;249ms[0m[38;5;249m,[0m[38;5;249m [0m[38;5;249mA[0m[38;5;249mr[0m[38;5;249mr[0m[38;5;249mo[0m[38;5;249mw[0m[38;5;249mR[0m[38;5;249mi[0m[38;5;249mg[0m[38;5;249mh[0m[38;5;249mt[0m[38;5;249m,[0m[38;5;249m [0mGithub[38;5;249m,[0m[38;5;249m [0m[38;5;249mG[0m[38;5;249ml[0m[38;5;249mo[0m[38;5;249mb[0m[38;5;249me[0m[38;5;249m [0m[38;5;249m}[0m[38;5;249m [0m[38;5;249mf[0m[38;5;249mr[0m[38;5;249mo[0m[38;5;249mm[0m[38;5;249m [0m[38;5;249m"[0m[38;5;249ml[0m[38;5;249mu[0m[38;5;249mc[0m[38;5;249mi[0m[38;5;249md[0m[38;5;249me[0m[38;5;249m-[0m[38;5;249mr[0m[38;5;249me[0m[38;5;249ma[0m[38;5;249mc[0m[38;5;249mt[0m[38;5;249m"[0m[38;5;249m;[0m
 [38;5;240m  │[0m                                                                                                                                                                           ───┬──  
 [38;5;240m  │[0m                                                                                                                                                                              ╰──── Missing export
[38;5;246m───╯[0m

    at aggregateBindingErrorsIntoJsError (file:///home/abushe/abushe/chemical_inventory_system/frontend/node_modules/rolldown/dist/shared/error-BLhcSyeg.mjs:48:18)
    at unwrapBindingResult (file:///home/abushe/abushe/chemical_inventory_system/frontend/node_modules/rolldown/dist/shared/error-BLhcSyeg.mjs:18:128)
    at #build (file:///home/abushe/abushe/chemical_inventory_system/frontend/node_modules/rolldown/dist/shared/rolldown-build-CPrIX9V6.mjs:3313:34)
    at async buildEnvironment (file:///home/abushe/abushe/chemical_inventory_system/frontend/node_modules/vite/dist/node/chunks/node.js:32849:64)
    at async Object.build (file:///home/abushe/abushe/chemical_inventory_system/frontend/node_modules/vite/dist/node/chunks/node.js:33271:19)
    at async Object.buildApp (file:///home/abushe/abushe/chemical_inventory_system/frontend/node_modules/vite/dist/node/chunks/node.js:33268:153)
    at async CAC.<anonymous> (file:///home/abushe/abushe/chemical_inventory_system/frontend/node_modules/vite/dist/node/cli.js:778:3) {
  errors: [Getter/Setter]
}
